C51 COMPILER V9.60.0.0   AD                                                                09/19/2026 18:56:55 PAGE 1   


C51 COMPILER V9.60.0.0, COMPILATION OF MODULE AD
OBJECT MODULE PLACED IN .\Output\ad.obj
COMPILER INVOKED BY: D:\Keil_51\C51\BIN\C51.EXE ad.c OMF2 OPTIMIZE(8,SPEED) BROWSE INCDIR(.\Inc;.\User) DEBUG PRINT(.\Li
                    -st\ad.lst) TABS(2) OBJECT(.\Output\ad.obj)

line level    source

   1          #include "Config.h"
   2          
   3          
   4          uchar xdata adc_NTC_Temp;
   5          uint xdata  ad_result_max,ad_result_min,ad_result_sum;
   6          uint xdata  ad_result,ad_NTC_value,adc_Temp_Step;
   7          
   8          code  uint  Temp_tab[]={ 
   9          TEMP0, TEMP1, TEMP2, TEMP3, TEMP4, TEMP5, TEMP6, TEMP7, TEMP8, TEMP9,TEMP10,
  10          TEMP11,TEMP12,TEMP13,TEMP14,TEMP15,TEMP16,TEMP17,TEMP18,TEMP19,TEMP20,
  11          TEMP21,TEMP22,TEMP23,TEMP24,TEMP25,TEMP26,TEMP27,TEMP28,TEMP29,TEMP30,
  12          TEMP31,TEMP32,TEMP33,TEMP34,TEMP35,TEMP36,TEMP37,TEMP38,TEMP39,TEMP40,
  13          TEMP41,TEMP42,TEMP43,TEMP44,TEMP45,TEMP46,TEMP47,TEMP48,TEMP49,TEMP50,
  14          TEMP51,TEMP52,TEMP53,TEMP54,TEMP55,TEMP56,TEMP57,TEMP58,TEMP59,TEMP60,
  15          TEMP61,TEMP62,TEMP63,TEMP64,TEMP65,TEMP66,TEMP67,TEMP68,TEMP69,TEMP70,
  16          TEMP71,TEMP72,TEMP73,TEMP74,TEMP75,TEMP76,TEMP77,TEMP78,TEMP79,TEMP80,
  17          TEMP81,TEMP82,TEMP83,TEMP84,TEMP85,TEMP86,TEMP87,TEMP88,TEMP89,TEMP90,
  18          TEMP91,TEMP92,TEMP93,TEMP94,TEMP95,TEMP96,TEMP97,TEMP98,TEMP99,TEMP100,
  19          TEMP101,TEMP102,TEMP103,TEMP104,TEMP105,TEMP106,TEMP107,TEMP108,TEMP109,TEMP110,TEMP249,TEMP250,
  20          };
  21          
  22          uint Temp_Lookup_dichotomy(uint ADchanbufer) {
  23   1           uint   Tempchanbufer;
  24   1       if(ADchanbufer>TEMP50){
  25   2              Tempchanbufer=0;
  26   2            }
  27   1            else if(ADchanbufer>TEMP100){
  28   2              Tempchanbufer=50;
  29   2            }
  30   1            else if(ADchanbufer>TEMP150){
  31   2              Tempchanbufer=100;
  32   2            }
  33   1            else if(ADchanbufer>TEMP200){
  34   2              Tempchanbufer=150;
  35   2            }
  36   1            else if(ADchanbufer>TEMP230){
  37   2              Tempchanbufer=200; 
  38   2            }
  39   1            else if(ADchanbufer>TEMP250){
  40   2              Tempchanbufer=230; 
  41   2            }/**/
  42   1            else
  43   1              Tempchanbufer=250; 
  44   1            while(Temp_tab[Tempchanbufer]>ADchanbufer&&Tempchanbufer<250){
  45   2               Tempchanbufer++;
  46   2            }
  47   1            return (Tempchanbufer);
  48   1            
  49   1      }
  50          
  51          
  52          
  53          
  54          
C51 COMPILER V9.60.0.0   AD                                                                09/19/2026 18:56:55 PAGE 2   

  55          void adc_samp(void)
  56          {
  57   1        ad_result=Get_ADC(16)>>2;
  58   1        if(adc_Temp_Step == 0){
  59   2          ad_result_max = ad_result;
  60   2          ad_result_min = ad_result;
  61   2        }
  62   1        else{
  63   2          if(ad_result_max < ad_result)
  64   2            ad_result_max = ad_result;
  65   2          
  66   2          if(ad_result_min > ad_result)
  67   2            ad_result_min = ad_result;
  68   2          
  69   2          
  70   2        }
  71   1          ad_result_sum = (ad_result_sum + ad_result);  
  72   1        adc_Temp_Step++;
  73   1        if(adc_Temp_Step>=20){
  74   2          adc_Temp_Step=0;
  75   2      
  76   2          ad_result_sum = (ad_result_sum - ad_result_min - ad_result_max);
  77   2          ad_result_sum = (ad_result_sum / 18);
  78   2      
  79   2          ad_NTC_value = ad_result_sum; 
  80   2          ad_result_sum=0;
  81   2      
  82   2          adc_NTC_Temp=Temp_Lookup_dichotomy(ad_NTC_value);
  83   2          }
  84   1      }
  85          
  86          
  87          
  88          
  89          
  90          
  91          


MODULE INFORMATION:   STATIC OVERLAYABLE
   CODE SIZE        =    384    ----
   CONSTANT SIZE    =    226    ----
   XDATA SIZE       =     13    ----
   PDATA SIZE       =   ----    ----
   DATA SIZE        =   ----    ----
   IDATA SIZE       =   ----    ----
   BIT SIZE         =   ----    ----
   EDATA SIZE       =   ----    ----
   HDATA SIZE       =   ----    ----
   XDATA CONST SIZE =   ----    ----
   FAR CONST SIZE   =   ----    ----
END OF MODULE INFORMATION.


C51 COMPILATION COMPLETE.  0 WARNING(S),  0 ERROR(S)
