C51 COMPILER V9.60.0.0   BF7613BMXX_XXXX_API_LVDT                                          09/19/2026 18:56:56 PAGE 1   


C51 COMPILER V9.60.0.0, COMPILATION OF MODULE BF7613BMXX_XXXX_API_LVDT
OBJECT MODULE PLACED IN .\Output\BF7613BMXX_XXXX_API_LVDT.obj
COMPILER INVOKED BY: D:\Keil_51\C51\BIN\C51.EXE Source\BF7613BMXX_XXXX_API_LVDT.c OMF2 OPTIMIZE(8,SPEED) BROWSE INCDIR(.
                    -\Inc;.\User) DEBUG PRINT(.\List\BF7613BMXX_XXXX_API_LVDT.lst) TABS(2) OBJECT(.\Output\BF7613BMXX_XXXX_API_LVDT.obj)

line level    source

   1          #include "Config.h"
   2          
   3          #if VolDet_EN
   4          bit Low_Volotage_Flag = 0;
   5          bit low_power = 0;
   6          bit Low_Volotage_Flag_Confirm = 0;
   7          bit Low_Volotage_Flag_First = 0;
   8          uint xdata Low_Volotage_Flag_Count = 0;
   9          uint xdata Low_Volotage_Flag_Confirm_count;
  10          #endif
  11          
  12          #if ((VolDet_EN == 1))
  13          
  14          //-----------------------------------------------------------------//
  15          //函数名称： void LVDT_Init(void)
  16          //函数功能： 降压升压检测初始化
  17          //输入参数： 无
  18          //输出参数： 无
  19          //返 回 值： 无
  20          //-----------------------------------------------------------------//
  21          #if ((VolDet_EN == 1))
  22          void LVDT_Init(void)
  23          {
  24   1        EA = 0;//关总中断；
  25   1        LVDT_IP_SET;//设置降压升压检中断优级为高，根据实际应运设置优先级
  26   1        LVDT_INT_FLAG_CLR;//清除低电压检测中断标志位
  27   1        LVDT_INT_DOWN_FLAG_CLR;//清除电压下降中断标志位 
  28   1        LVDT_INT_UP_FLAG_CLR;//清除电压上升中断标志位LVDT_ON;//开启低电压检测模块
  29   1        
  30   1        LVDT_ON;//开启降压升压检模块
  31   1        LVDT_DELAY(3);//0:延时1;1:延时2;2:延时3;3:延时4，延时时间见规格书表格
  32   1        V_LVDT_SET(6);//设置低电压升检测点:(0/1-保留)-(2-3.0V)-(3-3.3V)-(4-3.6V)-(5-3.9V)-(6/others-4.2V)
  33   1        
  34   1        LVDT_IE_SET;//使能降压升压检中断
  35   1        EA = 1;//开总中断    
  36   1      }
  37          #endif
  38          //-----------------------------------------------------------------//
  39          //函数名称： void LVDT_ISR() interrupt 15
  40          //函数功能： 降压升压检测中断
  41          //输入参数： 无
  42          //输出参数： 无
  43          //返 回 值： 无
  44          //-----------------------------------------------------------------// 
  45          void LVDT_ISR() interrupt 15
  46          { 
  47   1        static uchar xdata addr_bak = 0;
  48   1        PUSH_REG_ADDR_SFR();
  49   1        LVDT_INT_FLAG_CLR;//清除降压升压中断标志位
  50   1        if(INT_POBO_STAT&0x01)
  51   1        {
  52   2          Low_Volotage_Flag = 1;
  53   2          low_power = 1;
  54   2          LVDT_INT_DOWN_FLAG_CLR;//清除电压下降中断标志位 
C51 COMPILER V9.60.0.0   BF7613BMXX_XXXX_API_LVDT                                          09/19/2026 18:56:56 PAGE 2   

  55   2          
  56   2        }
  57   1        if(INT_POBO_STAT&0x02)
  58   1        {
  59   2          LVDT_INT_UP_FLAG_CLR;//清除电压上升中断标志位 
  60   2          Low_Volotage_Flag = 0;
  61   2          low_power = 0; 
  62   2          Low_Volotage_Flag_Confirm = 0;
  63   2          Low_Volotage_Flag_Count = 0;
  64   2          
  65   2        }
  66   1        POP_REG_ADDR_SFR(); 
  67   1      }
  68             
  69          #endif


MODULE INFORMATION:   STATIC OVERLAYABLE
   CODE SIZE        =    108    ----
   CONSTANT SIZE    =   ----    ----
   XDATA SIZE       =      5    ----
   PDATA SIZE       =   ----    ----
   DATA SIZE        =   ----    ----
   IDATA SIZE       =   ----    ----
   BIT SIZE         =      4    ----
   EDATA SIZE       =   ----    ----
   HDATA SIZE       =   ----    ----
   XDATA CONST SIZE =   ----    ----
   FAR CONST SIZE   =   ----    ----
END OF MODULE INFORMATION.


C51 COMPILATION COMPLETE.  0 WARNING(S),  0 ERROR(S)
