C51 COMPILER V9.60.0.0   MAIN                                                              09/19/2026 18:56:54 PAGE 1   


C51 COMPILER V9.60.0.0, COMPILATION OF MODULE MAIN
OBJECT MODULE PLACED IN .\Output\main.obj
COMPILER INVOKED BY: D:\Keil_51\C51\BIN\C51.EXE User\main.c OMF2 OPTIMIZE(8,SPEED) BROWSE INCDIR(.\Inc;.\User) DEBUG PRI
                    -NT(.\List\main.lst) TABS(2) OBJECT(.\Output\main.obj)

line level    source

   1          #include "Config.h"
   2          //code unsigned char SetBaoWen_Tel[]={0,45,45,65,0,0,0,65,65};
   3          //code unsigned char SetBaoWen_Tel[]={0,baowen_1,baowen_1,baowen_3,0,baowen_5,baowen_6,baowen_7,baowen_8};
   4          
   5          void main(void)
   6          {
   7   1        //MCU_Init()初始化函数，调用函数有WDT_Init()、Default_Set_IO()、
   8   1        //Init_IO()、Function_Init()。
   9   1        
  10   1        MCU_Init();
  11   1        baowen_1=45;
  12   1        baowen_2=45;
  13   1        baowen_3=65;
  14   1        baowen_5=45;
  15   1        baowen_6=55;
  16   1        baowen_7=65;
  17   1        baowen_8=65;
  18   1        baowen_9=50;
  19   1        
  20   1        dunzhu_time=120;
  21   1        huacha_time=20;
  22   1        wenhuo_time=60;
  23   1        while(1)
  24   1        {
  25   2          //清看门狗。
  26   2          WDT_CTRL = 7;
  27   2          
  28   2          #if SNS_NUM 
  29   2            #if VolDet_EN
  30   2            if(low_power == 0)//进入低电压中断时标记，low_power = 1时,不处理按键，低电压检测点根据实际项目配置
  31   2            #endif
  32   2            {
  33   3              //获取按键标志位
  34   3              BF7613BMXX_XXXX_Set_Touch_Flag(); 
  35   3              
  36   3            }
  37   2          #endif
  38   2            
  39   2          //建议将项目功能函数定义在Project.c中或新建c文件。
  40   2          Project();
  41   2              
  42   2        }     
  43   1      }


MODULE INFORMATION:   STATIC OVERLAYABLE
   CODE SIZE        =     88    ----
   CONSTANT SIZE    =   ----    ----
   XDATA SIZE       =   ----    ----
   PDATA SIZE       =   ----    ----
   DATA SIZE        =   ----    ----
   IDATA SIZE       =   ----    ----
   BIT SIZE         =   ----    ----
   EDATA SIZE       =   ----    ----
C51 COMPILER V9.60.0.0   MAIN                                                              09/19/2026 18:56:54 PAGE 2   

   HDATA SIZE       =   ----    ----
   XDATA CONST SIZE =   ----    ----
   FAR CONST SIZE   =   ----    ----
END OF MODULE INFORMATION.


C51 COMPILATION COMPLETE.  0 WARNING(S),  0 ERROR(S)
