C51 COMPILER V9.60.0.0   PROJECT                                                           09/19/2026 06:38:01 PAGE 1   


C51 COMPILER V9.60.0.0, COMPILATION OF MODULE PROJECT
OBJECT MODULE PLACED IN .\Output\Project.obj
COMPILER INVOKED BY: D:\Keil_51\C51\BIN\C51.EXE User\Project.c OMF2 OPTIMIZE(8,SPEED) BROWSE INCDIR(.\Inc;.\User) DEBUG 
                    -PRINT(.\List\Project.lst) TABS(2) OBJECT(.\Output\Project.obj)

line level    source

   1          #include "Config.h"
   2          
   3          bit IsTouch = 0;
   4          
   5          /****************************************************************/
   6          //函数名：void Project(void)
   7          //功  能：项目项目功能函数
   8          //参  数：无
   9          //返回值：无
  10          /****************************************************************/
  11          uchar xdata time_share;
  12          
  13          
  14          
  15          void Project(void)//范例
  16          {
  17   1        if(b_sys_5ms)
  18   1        {
  19   2          b_sys_5ms=0;
  20   2          //Key_scan();
  21   2           if(!Buz_Begin_b)
  22   2            {
  23   3              frist_buz=0;
  24   3             if(frist_ad==0)
  25   3             {
  26   4               frist_ad=1;
  27   4               ADC_IO_SEL3|=0x01;
  28   4               SET_PD0_IO_IN;
  29   4             }
  30   3            //Get_ADC(16);
  31   3            adc_samp();
  32   3            }
  33   2          Key_duration();
  34   2          Buz_Stop();
  35   2           switch(time_share)
  36   2           {
  37   3            case 1:          //第一个五毫秒          
  38   3            Key_handle();
  39   3            Disp_handle();  
  40   3            QuFan();
*** WARNING C206 IN LINE 40 OF User\Project.c: 'QuFan': missing function-prototype
  41   3              break;
  42   3            
  43   3            case 2:          //第二个五毫秒     
  44   3                Disp();
  45   3              break;
  46   3            
  47   3            case 3:          //第三个五毫秒 
  48   3              fun();
  49   3             ShuiWei_deal();
  50   3              break;
  51   3            
  52   3            case 4:          //第四个五毫秒
  53   3              shuzu_fuzhi();
C51 COMPILER V9.60.0.0   PROJECT                                                           09/19/2026 06:38:01 PAGE 2   

  54   3              Time();
  55   3            if(ShangDian_Time>=Time_3S)
  56   3              error_deal();
*** WARNING C206 IN LINE 56 OF User\Project.c: 'error_deal': missing function-prototype
  57   3              break;                     
  58   3           }
  59   2             if(++time_share>4) time_share=1;
  60   2        }
  61   1      }
  62          
  63          


MODULE INFORMATION:   STATIC OVERLAYABLE
   CODE SIZE        =    126    ----
   CONSTANT SIZE    =   ----    ----
   XDATA SIZE       =      1    ----
   PDATA SIZE       =   ----    ----
   DATA SIZE        =   ----    ----
   IDATA SIZE       =   ----    ----
   BIT SIZE         =      1    ----
   EDATA SIZE       =   ----    ----
   HDATA SIZE       =   ----    ----
   XDATA CONST SIZE =   ----    ----
   FAR CONST SIZE   =   ----    ----
END OF MODULE INFORMATION.


C51 COMPILATION COMPLETE.  2 WARNING(S),  0 ERROR(S)
